// Jest Snapshot v1, https://goo.gl/fbAQLP

exports[`Styled Title Snapshot 1`] = `
<img
  className="sc-bdfBQB fTcTSm"
/>
`;
