// Jest Snapshot v1, https://goo.gl/fbAQLP

exports[`Styled Title Snapshot 1`] = `
<p
  className="sc-bdfBQB bbCVRC"
/>
`;
