// Jest Snapshot v1, https://goo.gl/fbAQLP

exports[`Comments Container 1`] = `null`;
