// Jest Snapshot v1, https://goo.gl/fbAQLP

exports[`Reactions Modal 1`] = `null`;
