// Jest Snapshot v1, https://goo.gl/fbAQLP

exports[`Choice component  Choice snapshot 1`] = `
<div
  className="ant-radio-group ant-radio-group-solid title-font"
>
  <label
    className="ant-radio-button-wrapper ant-radio-button-wrapper-checked"
  >
    <span
      className="ant-radio-button ant-radio-button-checked"
      style={Object {}}
    >
      <input
        checked={true}
        className="ant-radio-button-input"
        onBlur={[Function]}
        onChange={[Function]}
        onFocus={[Function]}
        onKeyDown={[Function]}
        onKeyPress={[Function]}
        onKeyUp={[Function]}
        type="radio"
        value={0}
      />
      <span
        className="ant-radio-button-inner"
      />
    </span>
    <span>
      zero
    </span>
  </label>
  <label
    className="ant-radio-button-wrapper"
  >
    <span
      className="ant-radio-button"
      style={Object {}}
    >
      <input
        checked={false}
        className="ant-radio-button-input"
        onBlur={[Function]}
        onChange={[Function]}
        onFocus={[Function]}
        onKeyDown={[Function]}
        onKeyPress={[Function]}
        onKeyUp={[Function]}
        type="radio"
        value={1}
      />
      <span
        className="ant-radio-button-inner"
      />
    </span>
    <span>
      one
    </span>
  </label>
</div>
`;
