// Jest Snapshot v1, https://goo.gl/fbAQLP

exports[`Amenity Input 1`] = `null`;
