// Jest Snapshot v1, https://goo.gl/fbAQLP

exports[`Login Form 1`] = `null`;
