// Jest Snapshot v1, https://goo.gl/fbAQLP

exports[`Login Form 1`] = `
<div
  className="shadow-around px-7 py-10 rounded-3xl w-full"
>
  <div>
    <h3
      className="text-4xl font-regular"
    >
      Login
    </h3>
    <p
      className="mt-2 text-gray-400"
    >
      Login to your Emarat account
    </p>
    <form
      onSubmit={[Function]}
    >
      <input
        className="block mt-6 border py-3 px-4 border-gray-200 rounded-lg w-full outline-none"
        maxLength={10}
        onInput={[Function]}
        placeholder="Mobile Number"
        type="text"
        value=""
      />
      <div
        className="mt-1 mb-6 pl-1 text-xs text-red-500"
      >
        
      </div>
      <button
        className="sc-bdfBQB dzClhw text-white bg-emarat-accent-default hover:bg-emarat-accent-hover active:bg-emarat-accent-active rounded-full"
        disabled={false}
        type="submit"
      >
        Send OTP
      </button>
    </form>
  </div>
</div>
`;
